// Vitest Snapshot v1, https://vitest.dev/guide/snapshot.html

exports[`matches last approved render 1`] = `
<div>
  <div
    class="testing-mock"
  >
    <main
      class="shop"
    >
      <section
        aria-label="filter controls"
        class="controls"
      >
        <div
          class="_filter-container_e8fa16"
        >
          <button>
            Category: All
          </button>
          <div
            aria-label="filter by category"
            class="_filter-content_e8fa16 false"
          />
        </div>
        <div
          class="sort-container"
        >
          <button
            class="sortorder disabled down"
          >
            <svg
              viewBox="0 0 24 24"
              xmlns="http://www.w3.org/2000/svg"
            >
              <path
                d="M7.41,8.58L12,13.17L16.59,8.58L18,10L12,16L6,10L7.41,8.58Z"
              />
            </svg>
          </button>
          <div
            class="_filter-container_e8fa16"
          >
            <button>
              Sort By
            </button>
            <div
              aria-label="sort by"
              class="_filter-content_e8fa16 false"
            />
          </div>
        </div>
      </section>
      <section
        aria-label="shop items"
        class="products"
      >
        <article
          class="shop-product"
        >
          <img
            src=""
          />
          <div
            class="product-info"
          >
            <h3
              class="product-name"
            >
              TestProduct
            </h3>
            <div
              class="rating"
            >
              <div
                aria-label="rating: 5 out of 5"
                class="star-rating"
              >
                <span
                  class="full-star"
                >
                  <svg
                    viewBox="0 0 24 24"
                    xmlns="http://www.w3.org/2000/svg"
                  >
                    <path
                      d="M12,17.27L18.18,21L16.54,13.97L22,9.24L14.81,8.62L12,2L9.19,8.62L2,9.24L7.45,13.97L5.82,21L12,17.27Z"
                    />
                  </svg>
                </span>
                <span
                  class="full-star"
                >
                  <svg
                    viewBox="0 0 24 24"
                    xmlns="http://www.w3.org/2000/svg"
                  >
                    <path
                      d="M12,17.27L18.18,21L16.54,13.97L22,9.24L14.81,8.62L12,2L9.19,8.62L2,9.24L7.45,13.97L5.82,21L12,17.27Z"
                    />
                  </svg>
                </span>
                <span
                  class="full-star"
                >
                  <svg
                    viewBox="0 0 24 24"
                    xmlns="http://www.w3.org/2000/svg"
                  >
                    <path
                      d="M12,17.27L18.18,21L16.54,13.97L22,9.24L14.81,8.62L12,2L9.19,8.62L2,9.24L7.45,13.97L5.82,21L12,17.27Z"
                    />
                  </svg>
                </span>
                <span
                  class="full-star"
                >
                  <svg
                    viewBox="0 0 24 24"
                    xmlns="http://www.w3.org/2000/svg"
                  >
                    <path
                      d="M12,17.27L18.18,21L16.54,13.97L22,9.24L14.81,8.62L12,2L9.19,8.62L2,9.24L7.45,13.97L5.82,21L12,17.27Z"
                    />
                  </svg>
                </span>
                <span
                  class="full-star"
                >
                  <svg
                    viewBox="0 0 24 24"
                    xmlns="http://www.w3.org/2000/svg"
                  >
                    <path
                      d="M12,17.27L18.18,21L16.54,13.97L22,9.24L14.81,8.62L12,2L9.19,8.62L2,9.24L7.45,13.97L5.82,21L12,17.27Z"
                    />
                  </svg>
                </span>
              </div>
              <span
                class="rate-count"
              >
                (
                10
                )
              </span>
            </div>
            <div
              class="price"
            >
              $ 
              451
            </div>
          </div>
          <div
            class="buy-controls"
          >
            <button
              aria-description="adds this item to cart"
              class="cart-add"
            >
              <svg
                viewBox="0 0 24 24"
                xmlns="http://www.w3.org/2000/svg"
              >
                <path
                  d="M19 20C19 21.11 18.11 22 17 22C15.89 22 15 21.1 15 20C15 18.89 15.89 18 17 18C18.11 18 19 18.9 19 20M7 18C5.89 18 5 18.89 5 20C5 21.1 5.89 22 7 22C8.11 22 9 21.11 9 20S8.11 18 7 18M7.2 14.63L7.17 14.75C7.17 14.89 7.28 15 7.42 15H19V17H7C5.89 17 5 16.1 5 15C5 14.65 5.09 14.32 5.24 14.04L6.6 11.59L3 4H1V2H4.27L5.21 4H20C20.55 4 21 4.45 21 5C21 5.17 20.95 5.34 20.88 5.5L17.3 11.97C16.96 12.58 16.3 13 15.55 13H8.1L7.2 14.63M8.5 11H10V9H7.56L8.5 11M11 9V11H14V9H11M14 8V6H11V8H14M17.11 9H15V11H16L17.11 9M18.78 6H15V8H17.67L18.78 6M6.14 6L7.08 8H10V6H6.14Z"
                />
              </svg>
               
              <span
                aria-description="adds item to cart"
              >
                Add
              </span>
            </button>
          </div>
        </article>
      </section>
    </main>
  </div>
</div>
`;
